// Jest Snapshot v1, https://goo.gl/fbAQLP

exports[`Test components Calculator test 1`] = `
<div
  className="calculator-section"
>
  <h2>
    Let's do some Math
  </h2>
  <div
    className="calculator-grid"
  >
    <div
      className="output"
    >
      0
    </div>
    <button
      className="calc-btn 
                                   
                                  "
      onClick={[Function]}
      type="button"
    >
      AC
    </button>
    <button
      className="calc-btn 
                                   
                                  "
      onClick={[Function]}
      type="button"
    >
      +/-
    </button>
    <button
      className="calc-btn 
                                   
                                  "
      onClick={[Function]}
      type="button"
    >
      %
    </button>
    <button
      className="calc-btn 
                                   
                                  operator"
      onClick={[Function]}
      type="button"
    >
      รท
    </button>
    <button
      className="calc-btn 
                                   
                                  "
      onClick={[Function]}
      type="button"
    >
      7
    </button>
    <button
      className="calc-btn 
                                   
                                  "
      onClick={[Function]}
      type="button"
    >
      8
    </button>
    <button
      className="calc-btn 
                                   
                                  "
      onClick={[Function]}
      type="button"
    >
      9
    </button>
    <button
      className="calc-btn 
                                   
                                  operator"
      onClick={[Function]}
      type="button"
    >
      x
    </button>
    <button
      className="calc-btn 
                                   
                                  "
      onClick={[Function]}
      type="button"
    >
      4
    </button>
    <button
      className="calc-btn 
                                   
                                  "
      onClick={[Function]}
      type="button"
    >
      5
    </button>
    <button
      className="calc-btn 
                                   
                                  "
      onClick={[Function]}
      type="button"
    >
      6
    </button>
    <button
      className="calc-btn 
                                   
                                  operator"
      onClick={[Function]}
      type="button"
    >
      -
    </button>
    <button
      className="calc-btn 
                                   
                                  "
      onClick={[Function]}
      type="button"
    >
      1
    </button>
    <button
      className="calc-btn 
                                   
                                  "
      onClick={[Function]}
      type="button"
    >
      2
    </button>
    <button
      className="calc-btn 
                                   
                                  "
      onClick={[Function]}
      type="button"
    >
      3
    </button>
    <button
      className="calc-btn 
                                   
                                  operator"
      onClick={[Function]}
      type="button"
    >
      +
    </button>
    <button
      className="calc-btn 
                                  span-two 
                                  "
      onClick={[Function]}
      type="button"
    >
      0
    </button>
    <button
      className="calc-btn 
                                   
                                  "
      onClick={[Function]}
      type="button"
    >
      .
    </button>
    <button
      className="calc-btn 
                                   
                                  operator"
      onClick={[Function]}
      type="button"
    >
      =
    </button>
  </div>
</div>
`;

exports[`Test components Home test 1`] = `
<div
  className="home-section"
>
  <h2
    className="home-header"
  >
    Welcome to our page!
  </h2>
  <p>
    Lorem ipsum dolor sit amet consectetur adipisicing elit. Aliquam amet consequuntur possimus, nulla id praesentium porro voluptatum laboriosam rerum ullam ipsa. Iusto alias quas, distinctio iste voluptates assumenda exercitationem obcaecati.
  </p>
  <p>
    Lorem ipsum dolor sit amet consectetur adipisicing elit. Aliquam amet consequuntur possimus, nulla id praesentium porro voluptatum laboriosam rerum ullam ipsa. Iusto alias quas, distinctio iste voluptates assumenda exercitationem obcaecati.
  </p>
</div>
`;
